// Jest Snapshot v1, https://goo.gl/fbAQLP

exports[`should render ExpenseList with empty message 1`] = `
<div>
  <p>
    No expenses
  </p>
</div>
`;

exports[`should render ExpenseList with expenses 1`] = `
<div>
  <ExpenseListItem
    amount={1120}
    createdAt={0}
    description="xbox"
    id="123"
    note=""
  />
  <ExpenseListItem
    amount={1950000}
    createdAt={-345600000}
    description="toyota camry 60 2020"
    id="456"
    note=""
  />
  <ExpenseListItem
    amount={4500}
    createdAt={777600000}
    description="motocycle"
    id="789"
    note=""
  />
</div>
`;
